pypodo list
[37mwarning : the todolist is empty[0m
pypodo add ta#urgentsk1#
pypodo add task2 #tag1 #20190101
pypodo add task3 #urgent #30000101
pypodo list
[31m1[0m [33mta#urgentsk1#[0m
[31m2[0m [33mtask2[0m [30m#tag1[0m [35m#20190101[0m
[31m3[0m [33mtask3[0m [35m#urgent[0m [30m#30000101[0m
pypodo del 2
[31m1[0m [33mta#urgentsk1#[0m
[31m2[0m [33mtask3[0m [35m#urgent[0m [30m#30000101[0m
pypodo tag tag2 3
[37mwarning : no task with index - 3[0m
pypodo tag veryurgent 3
[37mwarning : no task with index - 3[0m
pypodo sort
[31m1[0m [33mta#urgentsk1#[0m
[31m2[0m [33mtask3[0m [35m#urgent[0m [30m#30000101[0m
pypodo list tag retag
[31m3[0m [33mtask4[0m [30m#tag[0m [30m#retag[0m
pypodo untag retag 3
pypodo tag newtag 2-3 3
pypodo list
[31m1[0m [33mta#urgentsk1#[0m
[31m2[0m [33mtask3[0m [35m#urgent[0m [30m#30000101[0m [30m#newtag[0m
[31m3[0m [33mtask4[0m [30m#tag[0m [30m#newtag[0m [30m#newtag[0m
pypodo tag
[30m#30000101[0m
[30m#newtag[0m
[30m#tag[0m
[35m#urgent[0m
pypodo untag
[31m1[0m [33mta#urgentsk1#[0m
pypodo find t.*sk4
[31m3[0m [33mtask4[0m [30m#tag[0m [30m#newtag[0m [30m#newtag[0m
pypodo decrypt admin
pypodo crypt admin
